
=== Estado antes de esta corrida (run.sh) ===
[OK]    00b   config/models_seed_cmip6.csv (lista de modelos)
[OK]    01    data/interim/models_catalog_status.csv (catalogo ESGF)
[OK]    02    Descarga CMIP6: 160/160 combinaciones modelo x experimento
[OK]    04/05 Grilla comun + mascara: 160/160 archivos
[OK]    03    data/raw/ersstv5/ersstv5_region.nc (observado)
[OK]    06    data/processed/qc_report.csv (control de calidad)
[OK]    07    data/processed/models_inventory_final.csv (inventario final)
==============================================

== Paso 07: python3 scripts/07_build_inventory_report.py data/processed/qc_report.csv data/processed/masked data/processed/models_inventory_final.csv ==
Inventario final escrito en data/processed/models_inventory_final.csv (40/40 modelos seleccionados)
Pipeline completo.
== Registro de modelos ==
/home/jonathan/personal/e1_smn/informe/model_registry.csv: 102 modelos (41 con institucion/grilla, los que llegaron a ser seed -- ver config/models_seed_cmip6.csv)
== Graficos: plot_qc_summary.py ==
1 figura(s) ya existen, se omiten (sin terminal interactiva para preguntar).
== Graficos: plot_boxplot_comparison.py ==
2 boxplot(s) comparativo(s) ya existen, se omiten (sin terminal interactiva para preguntar).
Graficando boxplots comparativos ...
  Nino 3.4: boxplot_Nino3.4.png ya existe, se omite
  Nino 1+2: boxplot_Nino1+2.png ya existe, se omite
Listo.
== Graficos: plot_region_nino_orthographic.py ==
region_nino_proj.png ya existe, se omite (sin terminal interactiva para preguntar).
== Graficos: plot_maps.py ==
32 mapa(s) 2D ya existen, se omiten (sin terminal interactiva para preguntar).
Graficando mapas: 40 modelo(s) + ERSSTv5 ...
  ACCESS-CM2
  ACCESS-ESM1-5
  ACCESS-ESM1-5: M002_sst_2d_ACCESS-ESM1-5.png ya existe, se omite
  AWI-CM-1-1-MR
  AWI-CM-1-1-MR: M007_sst_2d_AWI-CM-1-1-MR.png ya existe, se omite
  BCC-CSM2-MR
  BCC-CSM2-MR: M010_sst_2d_BCC-CSM2-MR.png ya existe, se omite
  CAMS-CSM1-0
  CAMS-CSM1-0: M012_sst_2d_CAMS-CSM1-0.png ya existe, se omite
  CAS-ESM2-0
  CESM2
  CESM2: M017_sst_2d_CESM2.png ya existe, se omite
  CESM2-WACCM
  CESM2-WACCM: M019_sst_2d_CESM2-WACCM.png ya existe, se omite
  CMCC-CM2-SR5
  CMCC-ESM2
  CMCC-ESM2: M025_sst_2d_CMCC-ESM2.png ya existe, se omite
  CNRM-CM6-1
  CNRM-CM6-1: M026_sst_2d_CNRM-CM6-1.png ya existe, se omite
  CNRM-CM6-1-HR
  CNRM-CM6-1-HR: M027_sst_2d_CNRM-CM6-1-HR.png ya existe, se omite
  CNRM-ESM2-1
  CNRM-ESM2-1: M028_sst_2d_CNRM-ESM2-1.png ya existe, se omite
  CanESM5
  CanESM5: M029_sst_2d_CanESM5.png ya existe, se omite
  CanESM5-1
  CanESM5-1: M030_sst_2d_CanESM5-1.png ya existe, se omite
  CanESM5-CanOE
  CanESM5-CanOE: M031_sst_2d_CanESM5-CanOE.png ya existe, se omite
  EC-Earth3
  EC-Earth3-Veg
  EC-Earth3-Veg-LR
  EC-Earth3-Veg-LR: M044_sst_2d_EC-Earth3-Veg-LR.png ya existe, se omite
  FGOALS-f3-L
  FGOALS-f3-L: M051_sst_2d_FGOALS-f3-L.png ya existe, se omite
  FGOALS-g3
  FGOALS-g3: M052_sst_2d_FGOALS-g3.png ya existe, se omite
  GFDL-ESM4
  GFDL-ESM4: M056_sst_2d_GFDL-ESM4.png ya existe, se omite
  GISS-E2-1-G
  GISS-E2-1-H
  GISS-E2-2-G
  GISS-E2-2-G: M060_sst_2d_GISS-E2-2-G.png ya existe, se omite
  IITM-ESM
  IITM-ESM: M069_sst_2d_IITM-ESM.png ya existe, se omite
  INM-CM4-8
  INM-CM4-8: M070_sst_2d_INM-CM4-8.png ya existe, se omite
  INM-CM5-0
  INM-CM5-0: M071_sst_2d_INM-CM5-0.png ya existe, se omite
  IPSL-CM6A-LR
  IPSL-CM6A-LR: M074_sst_2d_IPSL-CM6A-LR.png ya existe, se omite
  KACE-1-0-G
  MCM-UA-1-0
  MCM-UA-1-0: M079_sst_2d_MCM-UA-1-0.png ya existe, se omite
  MIROC-ES2L
  MIROC-ES2L: M081_sst_2d_MIROC-ES2L.png ya existe, se omite
  MIROC6
  MIROC6: M082_sst_2d_MIROC6.png ya existe, se omite
  MPI-ESM1-2-HR
  MPI-ESM1-2-HR: M084_sst_2d_MPI-ESM1-2-HR.png ya existe, se omite
  MPI-ESM1-2-LR
  MPI-ESM1-2-LR: M085_sst_2d_MPI-ESM1-2-LR.png ya existe, se omite
  MRI-ESM2-0
  MRI-ESM2-0: M087_sst_2d_MRI-ESM2-0.png ya existe, se omite
  NorESM2-LM
  NorESM2-LM: M094_sst_2d_NorESM2-LM.png ya existe, se omite
  NorESM2-MM
  NorESM2-MM: M095_sst_2d_NorESM2-MM.png ya existe, se omite
  TaiESM1
  TaiESM1: M097_sst_2d_TaiESM1.png ya existe, se omite
  UKESM1-0-LL
  ERSSTv5
  ERSSTv5: sst_2d_ERSSTv5.png ya existe, se omite
Listo, 41 figura(s) en /home/jonathan/personal/e1_smn/figures
== Graficos: plot_box_series.py ==
62 serie(s) de caja ya existen, se omiten (sin terminal interactiva para preguntar).
ACCESS-CM2
ACCESS-ESM1-5
  ACCESS-ESM1-5 Nino 1+2: M002_serie_ACCESS-ESM1-5_sst_Nino1+2.png ya existe, se omite
  ACCESS-ESM1-5 Nino 3.4: M002_serie_ACCESS-ESM1-5_sst_Nino3.4.png ya existe, se omite
AWI-CM-1-1-MR
  AWI-CM-1-1-MR Nino 1+2: M007_serie_AWI-CM-1-1-MR_sst_Nino1+2.png ya existe, se omite
  AWI-CM-1-1-MR Nino 3.4: M007_serie_AWI-CM-1-1-MR_sst_Nino3.4.png ya existe, se omite
BCC-CSM2-MR
  BCC-CSM2-MR Nino 1+2: M010_serie_BCC-CSM2-MR_sst_Nino1+2.png ya existe, se omite
  BCC-CSM2-MR Nino 3.4: M010_serie_BCC-CSM2-MR_sst_Nino3.4.png ya existe, se omite
CAMS-CSM1-0
  CAMS-CSM1-0 Nino 1+2: M012_serie_CAMS-CSM1-0_sst_Nino1+2.png ya existe, se omite
  CAMS-CSM1-0 Nino 3.4: M012_serie_CAMS-CSM1-0_sst_Nino3.4.png ya existe, se omite
CAS-ESM2-0
CESM2
  CESM2 Nino 1+2: M017_serie_CESM2_sst_Nino1+2.png ya existe, se omite
  CESM2 Nino 3.4: M017_serie_CESM2_sst_Nino3.4.png ya existe, se omite
CESM2-WACCM
  CESM2-WACCM Nino 1+2: M019_serie_CESM2-WACCM_sst_Nino1+2.png ya existe, se omite
  CESM2-WACCM Nino 3.4: M019_serie_CESM2-WACCM_sst_Nino3.4.png ya existe, se omite
CMCC-CM2-SR5
CMCC-ESM2
  CMCC-ESM2 Nino 1+2: M025_serie_CMCC-ESM2_sst_Nino1+2.png ya existe, se omite
  CMCC-ESM2 Nino 3.4: M025_serie_CMCC-ESM2_sst_Nino3.4.png ya existe, se omite
CNRM-CM6-1
  CNRM-CM6-1 Nino 1+2: M026_serie_CNRM-CM6-1_sst_Nino1+2.png ya existe, se omite
  CNRM-CM6-1 Nino 3.4: M026_serie_CNRM-CM6-1_sst_Nino3.4.png ya existe, se omite
CNRM-CM6-1-HR
  CNRM-CM6-1-HR Nino 1+2: M027_serie_CNRM-CM6-1-HR_sst_Nino1+2.png ya existe, se omite
  CNRM-CM6-1-HR Nino 3.4: M027_serie_CNRM-CM6-1-HR_sst_Nino3.4.png ya existe, se omite
CNRM-ESM2-1
  CNRM-ESM2-1 Nino 1+2: M028_serie_CNRM-ESM2-1_sst_Nino1+2.png ya existe, se omite
  CNRM-ESM2-1 Nino 3.4: M028_serie_CNRM-ESM2-1_sst_Nino3.4.png ya existe, se omite
CanESM5
  CanESM5 Nino 1+2: M029_serie_CanESM5_sst_Nino1+2.png ya existe, se omite
  CanESM5 Nino 3.4: M029_serie_CanESM5_sst_Nino3.4.png ya existe, se omite
CanESM5-1
  CanESM5-1 Nino 1+2: M030_serie_CanESM5-1_sst_Nino1+2.png ya existe, se omite
  CanESM5-1 Nino 3.4: M030_serie_CanESM5-1_sst_Nino3.4.png ya existe, se omite
CanESM5-CanOE
  CanESM5-CanOE Nino 1+2: M031_serie_CanESM5-CanOE_sst_Nino1+2.png ya existe, se omite
  CanESM5-CanOE Nino 3.4: M031_serie_CanESM5-CanOE_sst_Nino3.4.png ya existe, se omite
EC-Earth3
EC-Earth3-Veg
EC-Earth3-Veg-LR
  EC-Earth3-Veg-LR Nino 1+2: M044_serie_EC-Earth3-Veg-LR_sst_Nino1+2.png ya existe, se omite
  EC-Earth3-Veg-LR Nino 3.4: M044_serie_EC-Earth3-Veg-LR_sst_Nino3.4.png ya existe, se omite
FGOALS-f3-L
  FGOALS-f3-L Nino 1+2: M051_serie_FGOALS-f3-L_sst_Nino1+2.png ya existe, se omite
  FGOALS-f3-L Nino 3.4: M051_serie_FGOALS-f3-L_sst_Nino3.4.png ya existe, se omite
FGOALS-g3
  FGOALS-g3 Nino 1+2: M052_serie_FGOALS-g3_sst_Nino1+2.png ya existe, se omite
  FGOALS-g3 Nino 3.4: M052_serie_FGOALS-g3_sst_Nino3.4.png ya existe, se omite
GFDL-ESM4
  GFDL-ESM4 Nino 1+2: M056_serie_GFDL-ESM4_sst_Nino1+2.png ya existe, se omite
  GFDL-ESM4 Nino 3.4: M056_serie_GFDL-ESM4_sst_Nino3.4.png ya existe, se omite
GISS-E2-1-G
GISS-E2-1-H
GISS-E2-2-G
  GISS-E2-2-G Nino 1+2: M060_serie_GISS-E2-2-G_sst_Nino1+2.png ya existe, se omite
  GISS-E2-2-G Nino 3.4: M060_serie_GISS-E2-2-G_sst_Nino3.4.png ya existe, se omite
IITM-ESM
  IITM-ESM Nino 1+2: M069_serie_IITM-ESM_sst_Nino1+2.png ya existe, se omite
  IITM-ESM Nino 3.4: M069_serie_IITM-ESM_sst_Nino3.4.png ya existe, se omite
INM-CM4-8
  INM-CM4-8 Nino 1+2: M070_serie_INM-CM4-8_sst_Nino1+2.png ya existe, se omite
  INM-CM4-8 Nino 3.4: M070_serie_INM-CM4-8_sst_Nino3.4.png ya existe, se omite
INM-CM5-0
  INM-CM5-0 Nino 1+2: M071_serie_INM-CM5-0_sst_Nino1+2.png ya existe, se omite
  INM-CM5-0 Nino 3.4: M071_serie_INM-CM5-0_sst_Nino3.4.png ya existe, se omite
IPSL-CM6A-LR
  IPSL-CM6A-LR Nino 1+2: M074_serie_IPSL-CM6A-LR_sst_Nino1+2.png ya existe, se omite
  IPSL-CM6A-LR Nino 3.4: M074_serie_IPSL-CM6A-LR_sst_Nino3.4.png ya existe, se omite
KACE-1-0-G
MCM-UA-1-0
  MCM-UA-1-0 Nino 1+2: M079_serie_MCM-UA-1-0_sst_Nino1+2.png ya existe, se omite
  MCM-UA-1-0 Nino 3.4: M079_serie_MCM-UA-1-0_sst_Nino3.4.png ya existe, se omite
MIROC-ES2L
  MIROC-ES2L Nino 1+2: M081_serie_MIROC-ES2L_sst_Nino1+2.png ya existe, se omite
  MIROC-ES2L Nino 3.4: M081_serie_MIROC-ES2L_sst_Nino3.4.png ya existe, se omite
MIROC6
  MIROC6 Nino 1+2: M082_serie_MIROC6_sst_Nino1+2.png ya existe, se omite
  MIROC6 Nino 3.4: M082_serie_MIROC6_sst_Nino3.4.png ya existe, se omite
MPI-ESM1-2-HR
  MPI-ESM1-2-HR Nino 1+2: M084_serie_MPI-ESM1-2-HR_sst_Nino1+2.png ya existe, se omite
  MPI-ESM1-2-HR Nino 3.4: M084_serie_MPI-ESM1-2-HR_sst_Nino3.4.png ya existe, se omite
MPI-ESM1-2-LR
  MPI-ESM1-2-LR Nino 1+2: M085_serie_MPI-ESM1-2-LR_sst_Nino1+2.png ya existe, se omite
  MPI-ESM1-2-LR Nino 3.4: M085_serie_MPI-ESM1-2-LR_sst_Nino3.4.png ya existe, se omite
MRI-ESM2-0
  MRI-ESM2-0 Nino 1+2: M087_serie_MRI-ESM2-0_sst_Nino1+2.png ya existe, se omite
  MRI-ESM2-0 Nino 3.4: M087_serie_MRI-ESM2-0_sst_Nino3.4.png ya existe, se omite
NorESM2-LM
  NorESM2-LM Nino 1+2: M094_serie_NorESM2-LM_sst_Nino1+2.png ya existe, se omite
  NorESM2-LM Nino 3.4: M094_serie_NorESM2-LM_sst_Nino3.4.png ya existe, se omite
NorESM2-MM
  NorESM2-MM Nino 1+2: M095_serie_NorESM2-MM_sst_Nino1+2.png ya existe, se omite
  NorESM2-MM Nino 3.4: M095_serie_NorESM2-MM_sst_Nino3.4.png ya existe, se omite
TaiESM1
  TaiESM1 Nino 1+2: M097_serie_TaiESM1_sst_Nino1+2.png ya existe, se omite
  TaiESM1 Nino 3.4: M097_serie_TaiESM1_sst_Nino3.4.png ya existe, se omite
UKESM1-0-LL
Listo, 40 modelo(s) graficado(s) (2 figuras cada uno) en /home/jonathan/personal/e1_smn/figures
Reporte de estado escrito en logs/run_report_20260922_182713.txt

Paquete armado en /home/jonathan/personal/e1_smn/informe/entregable_update.tar.gz (21 archivo(s)).
Estan todos los archivos esperados.
