
=== Estado antes de esta corrida (run.sh) ===
[OK]    00b   config/models_seed_cmip6.csv (lista de modelos)
[OK]    01    data/interim/models_catalog_status.csv (catalogo ESGF)
[FALTA] 02    Descarga CMIP6: 159/160 combinaciones (historical: 1 pendientes)
          Estimado para completar lo pendiente: ~12min 5s
[FALTA] 04/05 Grilla comun + mascara: 0/160 archivos -- sin corridas previas en esta maquina, no se puede estimar
[OK]    03    data/raw/ersstv5/ersstv5_region.nc (observado)
[OK]    06    data/processed/qc_report.csv (control de calidad)
[OK]    07    data/processed/models_inventory_final.csv (inventario final)
==============================================

== Paso 00: bash scripts/00_setup_env.sh ==
Entorno verificado: cdo=Climate Data Operators version 2.1.1 (https://mpimet.mpg.de/cdo), python3=Python 3.11.8
Estructura de carpetas lista bajo /p1-swell/japq/loca/smn_toe/data y /p1-swell/japq/loca/smn_toe/logs
== Paso 00b: python3 scripts/00b_build_model_list.py config/models_seed_cmip6.csv ==
Modelos CMIP6 con tos/Omon publicado (nodo principal): 102
config/models_seed_cmip6.csv ya existe y el universo de modelos con tos/Omon sigue en 102 -- no se vuelve a inspeccionar. Para forzar un refresco de todas formas (ej. cambio en config/periods.yaml): borra config/models_seed_cmip6.csv y /p1-swell/japq/loca/smn_toe/informe/model_availability_priority.csv y volve a correr esto.
== Paso 01: python3 scripts/01_query_esgf_catalog.py config/models_seed_cmip6.csv data/interim/models_catalog_status.csv data/interim/esgf_file_urls.json ==
data/interim/models_catalog_status.csv ya existe, no se vuelve a consultar ESGF.
Para forzar un refresco (por si algun modelo se completo en ESGF desde la ultima vez): borra data/interim/models_catalog_status.csv Y data/interim/esgf_file_urls.json juntos (no uno solo, para que no queden inconsistentes entre si) y volve a correr esto. OJO: si habias resuelto algun modelo a mano por fuera de la semilla (00c + 02b), se pierde del catalogo y hay que correr 02b de nuevo para el.
== Paso 02: bash scripts/run_download_if_idle.sh ==
Modelos que ya agotaron 3 intentos de busqueda en corridas anteriores -- no se vuelven a intentar (borrar data/interim/models_catalog_status.csv para reintentar de cero):
  - MIROC-ES2H (3 intentos)
== 02a: descarga CMIP6 via ESGF (nodo principal) ==
Procesando ACCESS-CM2 historical (1) ...
  descargando archivo 1/1: tos_Omon_ACCESS-CM2_historical_r1i1p1f1_gn_185001-201412.nc
Procesando ACCESS-CM2 ssp245 (1) ...
Procesando ACCESS-CM2 ssp370 (1) ...
Procesando ACCESS-CM2 ssp585 (1) ...
Procesando ACCESS-ESM1-5 historical (2) ...
Procesando ACCESS-ESM1-5 ssp245 (2) ...
Procesando ACCESS-ESM1-5 ssp370 (2) ...
Procesando ACCESS-ESM1-5 ssp585 (2) ...
Procesando AWI-CM-1-1-MR historical (3) ...
Procesando AWI-CM-1-1-MR ssp245 (3) ...
Procesando AWI-CM-1-1-MR ssp370 (3) ...
Procesando AWI-CM-1-1-MR ssp585 (3) ...
Procesando BCC-CSM2-MR historical (4) ...
Procesando BCC-CSM2-MR ssp245 (4) ...
Procesando BCC-CSM2-MR ssp370 (4) ...
Procesando BCC-CSM2-MR ssp585 (4) ...
Procesando CAMS-CSM1-0 historical (5) ...
Procesando CAMS-CSM1-0 ssp245 (5) ...
Procesando CAMS-CSM1-0 ssp370 (5) ...
Procesando CAMS-CSM1-0 ssp585 (5) ...
Procesando CAS-ESM2-0 historical (6) ...
Procesando CAS-ESM2-0 ssp245 (6) ...
Procesando CAS-ESM2-0 ssp370 (6) ...
Procesando CAS-ESM2-0 ssp585 (6) ...
Procesando CESM2 historical (7) ...
Procesando CESM2 ssp245 (7) ...
Procesando CESM2 ssp370 (7) ...
Procesando CESM2 ssp585 (7) ...
Procesando CESM2-WACCM historical (8) ...
Procesando CESM2-WACCM ssp245 (8) ...
Procesando CESM2-WACCM ssp370 (8) ...
Procesando CESM2-WACCM ssp585 (8) ...
Procesando CMCC-CM2-SR5 historical (9) ...
Procesando CMCC-CM2-SR5 ssp245 (9) ...
Procesando CMCC-CM2-SR5 ssp370 (9) ...
Procesando CMCC-CM2-SR5 ssp585 (9) ...
Procesando CMCC-ESM2 historical (10) ...
Procesando CMCC-ESM2 ssp245 (10) ...
Procesando CMCC-ESM2 ssp370 (10) ...
Procesando CMCC-ESM2 ssp585 (10) ...
Procesando CNRM-CM6-1 historical (11) ...
Procesando CNRM-CM6-1 ssp245 (11) ...
Procesando CNRM-CM6-1 ssp370 (11) ...
Procesando CNRM-CM6-1 ssp585 (11) ...
Procesando CNRM-CM6-1-HR historical (12) ...
Procesando CNRM-CM6-1-HR ssp245 (12) ...
Procesando CNRM-CM6-1-HR ssp370 (12) ...
Procesando CNRM-CM6-1-HR ssp585 (12) ...
Procesando CNRM-ESM2-1 historical (13) ...
Procesando CNRM-ESM2-1 ssp245 (13) ...
Procesando CNRM-ESM2-1 ssp370 (13) ...
Procesando CNRM-ESM2-1 ssp585 (13) ...
Procesando CanESM5 historical (14) ...
Procesando CanESM5 ssp245 (14) ...
Procesando CanESM5 ssp370 (14) ...
Procesando CanESM5 ssp585 (14) ...
Procesando CanESM5-1 historical (15) ...
Procesando CanESM5-1 ssp245 (15) ...
Procesando CanESM5-1 ssp370 (15) ...
Procesando CanESM5-1 ssp585 (15) ...
Procesando CanESM5-CanOE historical (16) ...
Procesando CanESM5-CanOE ssp245 (16) ...
Procesando CanESM5-CanOE ssp370 (16) ...
Procesando CanESM5-CanOE ssp585 (16) ...
Procesando EC-Earth3 historical (17) ...
Procesando EC-Earth3 ssp245 (17) ...
Procesando EC-Earth3 ssp370 (17) ...
Procesando EC-Earth3 ssp585 (17) ...
Procesando EC-Earth3-Veg historical (18) ...
Procesando EC-Earth3-Veg ssp245 (18) ...
Procesando EC-Earth3-Veg ssp370 (18) ...
Procesando EC-Earth3-Veg ssp585 (18) ...
Procesando EC-Earth3-Veg-LR historical (19) ...
Procesando EC-Earth3-Veg-LR ssp245 (19) ...
Procesando EC-Earth3-Veg-LR ssp370 (19) ...
Procesando EC-Earth3-Veg-LR ssp585 (19) ...
Procesando FGOALS-f3-L historical (20) ...
Procesando FGOALS-f3-L ssp245 (20) ...
Procesando FGOALS-f3-L ssp370 (20) ...
Procesando FGOALS-f3-L ssp585 (20) ...
Procesando FGOALS-g3 historical (21) ...
Procesando FGOALS-g3 ssp245 (21) ...
Procesando FGOALS-g3 ssp370 (21) ...
Procesando FGOALS-g3 ssp585 (21) ...
Procesando GFDL-ESM4 historical (22) ...
Procesando GFDL-ESM4 ssp245 (22) ...
Procesando GFDL-ESM4 ssp370 (22) ...
Procesando GFDL-ESM4 ssp585 (22) ...
Procesando GISS-E2-1-G historical (23) ...
Procesando GISS-E2-1-G ssp245 (23) ...
Procesando GISS-E2-1-G ssp370 (23) ...
Procesando GISS-E2-1-G ssp585 (23) ...
Procesando GISS-E2-1-H historical (24) ...
Procesando GISS-E2-1-H ssp245 (24) ...
Procesando GISS-E2-1-H ssp370 (24) ...
Procesando GISS-E2-1-H ssp585 (24) ...
Procesando GISS-E2-2-G historical (25) ...
Procesando GISS-E2-2-G ssp245 (25) ...
Procesando GISS-E2-2-G ssp370 (25) ...
Procesando GISS-E2-2-G ssp585 (25) ...
Procesando IITM-ESM historical (26) ...
Procesando IITM-ESM ssp245 (26) ...
Procesando IITM-ESM ssp370 (26) ...
Procesando IITM-ESM ssp585 (26) ...
Procesando INM-CM4-8 historical (27) ...
Procesando INM-CM4-8 ssp245 (27) ...
Procesando INM-CM4-8 ssp370 (27) ...
Procesando INM-CM4-8 ssp585 (27) ...
Procesando INM-CM5-0 historical (28) ...
Procesando INM-CM5-0 ssp245 (28) ...
Procesando INM-CM5-0 ssp370 (28) ...
Procesando INM-CM5-0 ssp585 (28) ...
Procesando IPSL-CM6A-LR historical (29) ...
Procesando IPSL-CM6A-LR ssp245 (29) ...
Procesando IPSL-CM6A-LR ssp370 (29) ...
Procesando IPSL-CM6A-LR ssp585 (29) ...
Procesando MCM-UA-1-0 historical (30) ...
Procesando MCM-UA-1-0 ssp245 (30) ...
Procesando MCM-UA-1-0 ssp370 (30) ...
Procesando MCM-UA-1-0 ssp585 (30) ...
Procesando MIROC-ES2L historical (31) ...
Procesando MIROC-ES2L ssp245 (31) ...
Procesando MIROC-ES2L ssp370 (31) ...
Procesando MIROC-ES2L ssp585 (31) ...
Procesando MIROC6 historical (32) ...
Procesando MIROC6 ssp245 (32) ...
Procesando MIROC6 ssp370 (32) ...
Procesando MIROC6 ssp585 (32) ...
Procesando MPI-ESM1-2-HR historical (33) ...
Procesando MPI-ESM1-2-HR ssp245 (33) ...
Procesando MPI-ESM1-2-HR ssp370 (33) ...
Procesando MPI-ESM1-2-HR ssp585 (33) ...
Procesando MPI-ESM1-2-LR historical (34) ...
Procesando MPI-ESM1-2-LR ssp245 (34) ...
Procesando MPI-ESM1-2-LR ssp370 (34) ...
Procesando MPI-ESM1-2-LR ssp585 (34) ...
Procesando MRI-ESM2-0 historical (35) ...
Procesando MRI-ESM2-0 ssp245 (35) ...
Procesando MRI-ESM2-0 ssp370 (35) ...
Procesando MRI-ESM2-0 ssp585 (35) ...
Procesando NorESM2-LM historical (36) ...
Procesando NorESM2-LM ssp245 (36) ...
Procesando NorESM2-LM ssp370 (36) ...
Procesando NorESM2-LM ssp585 (36) ...
Procesando NorESM2-MM historical (37) ...
Procesando NorESM2-MM ssp245 (37) ...
Procesando NorESM2-MM ssp370 (37) ...
Procesando NorESM2-MM ssp585 (37) ...
Procesando TaiESM1 historical (38) ...
Procesando TaiESM1 ssp245 (38) ...
Procesando TaiESM1 ssp370 (38) ...
Procesando TaiESM1 ssp585 (38) ...
Procesando UKESM1-0-LL historical (39) ...
Procesando UKESM1-0-LL ssp245 (39) ...
Procesando UKESM1-0-LL ssp370 (39) ...
Procesando UKESM1-0-LL ssp585 (39) ...
Procesando KACE-1-0-G historical (40) ...
Procesando KACE-1-0-G ssp245 (40) ...
Procesando KACE-1-0-G ssp370 (40) ...
Procesando KACE-1-0-G ssp585 (40) ...
== 02b: nada pendiente, se omite ==
== 02c: nada pendiente, se omite ==
Descarga completa (ESGF principal + alternativo + Copernicus segun disponibilidad y credenciales).
== Paso 03: bash scripts/03_download_ersstv5.sh ==
Ya existe data/raw/ersstv5/ersstv5_region.nc, se omite.
== Paso 04: bash scripts/04_process_to_common_grid.sh ==
Preparando pesos de regrilla para ACCESS-CM2 ...
  calculando pesos (genbil) a partir de w_src.nc ...
Procesando ACCESS-CM2 historical ...
Procesando ACCESS-CM2 ssp245 ...
Procesando ACCESS-CM2 ssp370 ...
Procesando ACCESS-CM2 ssp585 ...
Preparando pesos de regrilla para ACCESS-ESM1-5 ...
  calculando pesos (genbil) a partir de w_src.nc ...
Procesando ACCESS-ESM1-5 historical ...
Procesando ACCESS-ESM1-5 ssp245 ...
Procesando ACCESS-ESM1-5 ssp370 ...
Procesando ACCESS-ESM1-5 ssp585 ...
Preparando pesos de regrilla para AWI-CM-1-1-MR ...
  malla no estructurada detectada: usando gencon en vez de genbil
  calculando pesos (gencon) a partir de w_src.nc ...
Procesando AWI-CM-1-1-MR historical ...
  aviso: fallo el remap de AWI-CM-1-1-MR historical con los pesos compartidos del modelo:
cdo    remap: Open failed on >data/interim/.tmp_process/tos_0.nc<
              Unknown Error
  recalculando pesos propios de AWI-CM-1-1-MR historical (verificacion: la malla puede cambiar entre periodos) ...
  malla no estructurada detectada: usando gencon en vez de genbil
  calculando pesos (gencon) a partir de w_src.nc ...
cdo    remap: Open failed on >data/interim/.tmp_process/tos_0.nc<
              Unknown Error
