\BOOKMARK [1][-]{section.1}{\376\377\000R\000e\000s\000u\000m\000e\000n}{}% 1
\BOOKMARK [1][-]{section.2}{\376\377\000A\000l\000c\000a\000n\000c\000e}{}% 2
\BOOKMARK [1][-]{section.3}{\376\377\000R\000e\000v\000i\000s\000i\000\363\000n\000\040\000c\000i\000e\000n\000t\000\355\000f\000i\000c\000a}{}% 3
\BOOKMARK [2][-]{subsection.3.1}{\376\377\000A\000n\000t\000e\000c\000e\000d\000e\000n\000t\000e\000s}{section.3}% 4
\BOOKMARK [2][-]{subsection.3.2}{\376\377\000L\000i\000t\000e\000r\000a\000t\000u\000r\000a\000\040\000s\000o\000b\000r\000e\000\040\000T\000i\000m\000e\000\040\000o\000f\000\040\000E\000m\000e\000r\000g\000e\000n\000c\000e}{section.3}% 5
\BOOKMARK [2][-]{subsection.3.3}{\376\377\000S\000i\000m\000i\000l\000i\000t\000u\000d\000e\000s\000\040\000y\000\040\000d\000i\000f\000e\000r\000e\000n\000c\000i\000a\000s\000\040\000e\000n\000t\000r\000e\000\040\000N\000i\000\361\000o\000\040\0003\000.\0004\000\040\000y\000\040\000N\000i\000\361\000o\000\040\0001\000+\0002}{section.3}% 6
\BOOKMARK [2][-]{subsection.3.4}{\376\377\000E\000l\000e\000c\000c\000i\000\363\000n\000\040\000d\000e\000\040\000l\000o\000s\000\040\000d\000o\000s\000\040\000m\000\351\000t\000o\000d\000o\000s\000\040\000d\000e\000\040\000T\000i\000m\000e\000\040\000o\000f\000\040\000E\000m\000e\000r\000g\000e\000n\000c\000e}{section.3}% 7
\BOOKMARK [3][-]{subsubsection.3.4.1}{\376\377\000M\000\351\000t\000o\000d\000o\000\040\000M\0001\000\040\000\050\000S\000z\000a\000b\000\363\000\040\000y\000\040\000S\000z\000\351\000p\000s\000z\000\363\000\051}{subsection.3.4}% 8
\BOOKMARK [3][-]{subsubsection.3.4.2}{\376\377\000M\000\351\000t\000o\000d\000o\000\040\000M\0002\000\040\000c\000o\000m\000p\000l\000e\000m\000e\000n\000t\000a\000r\000i\000o\000\040\000T\000o\000D\000\040\000\050\000G\000o\000p\000i\000k\000a\000\051}{subsection.3.4}% 9
\BOOKMARK [1][-]{section.4}{\376\377\000D\000a\000t\000o\000s}{}% 10
\BOOKMARK [2][-]{subsection.4.1}{\376\377\000M\000o\000d\000e\000l\000o\000s\000\040\000C\000M\000I\000P\0006\000\040\000d\000e\000s\000c\000a\000r\000g\000a\000d\000o\000s}{section.4}% 11
\BOOKMARK [2][-]{subsection.4.2}{\376\377\000S\000e\000l\000e\000c\000c\000i\000\363\000n\000\040\000i\000n\000i\000c\000i\000a\000l\000\040\000d\000e\000\040\000m\000o\000d\000e\000l\000o\000s}{section.4}% 12
\BOOKMARK [2][-]{subsection.4.3}{\376\377\000D\000o\000m\000i\000n\000i\000o\000s\000\040\000o\000c\000e\000a\000n\000o\000g\000r\000\341\000f\000i\000c\000o\000s\000\040\000y\000\040\000P\000e\000r\000i\000o\000d\000o\000s}{section.4}% 13
\BOOKMARK [1][-]{section.5}{\376\377\000P\000i\000p\000e\000l\000i\000n\000e}{}% 14
\BOOKMARK [2][-]{subsection.5.1}{\376\377\000S\000c\000r\000i\000p\000t\000\040\000p\000r\000i\000n\000c\000i\000p\000a\000l\000\040\000r\000u\000n\000.\000s\000h}{section.5}% 15
\BOOKMARK [1][-]{section.6}{\376\377\000P\000i\000p\000e\000l\000i\000n\000e}{}% 16
\BOOKMARK [2][-]{subsection.6.1}{\376\377\000P\000a\000s\000o\000\040\0000\0000\000\040\040\023\000\040\000s\000c\000r\000i\000p\000t\000s\000/\0000\0000\000\137\000s\000e\000t\000u\000p\000\137\000e\000n\000v\000.\000s\000h}{section.6}% 17
\BOOKMARK [2][-]{subsection.6.2}{\376\377\000P\000a\000s\000o\000\040\0000\0000\000b\000\040\040\023\000\040\000s\000c\000r\000i\000p\000t\000s\000/\0000\0000\000b\000\137\000b\000u\000i\000l\000d\000\137\000m\000o\000d\000e\000l\000\137\000l\000i\000s\000t\000.\000p\000y}{section.6}% 18
\BOOKMARK [2][-]{subsection.6.3}{\376\377\000P\000a\000s\000o\000\040\0000\0000\000c\000\040\040\023\000\040\000s\000c\000r\000i\000p\000t\000s\000/\0000\0000\000c\000\137\000c\000h\000e\000c\000k\000\137\000p\000a\000p\000e\000r\000\137\000m\000o\000d\000e\000l\000s\000.\000p\000y\000\040\000\050\000d\000i\000a\000g\000n\000\363\000s\000t\000i\000c\000o\000,\000\040\000m\000a\000n\000u\000a\000l\000\051}{section.6}% 19
\BOOKMARK [2][-]{subsection.6.4}{\376\377\000P\000a\000s\000o\000\040\0000\0001\000\040\040\023\000\040\000s\000c\000r\000i\000p\000t\000s\000/\0000\0001\000\137\000q\000u\000e\000r\000y\000\137\000e\000s\000g\000f\000\137\000c\000a\000t\000a\000l\000o\000g\000.\000p\000y}{section.6}% 20
\BOOKMARK [2][-]{subsection.6.5}{\376\377\000P\000a\000s\000o\000\040\0000\0002\000\040\040\023\000\040\000d\000e\000s\000c\000a\000r\000g\000a\000\040\000e\000n\000\040\000c\000a\000s\000c\000a\000d\000a}{section.6}% 21
\BOOKMARK [2][-]{subsection.6.6}{\376\377\000P\000a\000s\000o\000\040\0000\0003\000\040\040\023\000\040\000s\000c\000r\000i\000p\000t\000s\000/\0000\0003\000\137\000d\000o\000w\000n\000l\000o\000a\000d\000\137\000e\000r\000s\000s\000t\000v\0005\000.\000s\000h}{section.6}% 22
\BOOKMARK [2][-]{subsection.6.7}{\376\377\000P\000a\000s\000o\000\040\0000\0004\000\040\040\023\000\040\000s\000c\000r\000i\000p\000t\000s\000/\0000\0004\000\137\000p\000r\000o\000c\000e\000s\000s\000\137\000t\000o\000\137\000c\000o\000m\000m\000o\000n\000\137\000g\000r\000i\000d\000.\000s\000h}{section.6}% 23
\BOOKMARK [2][-]{subsection.6.8}{\376\377\000P\000a\000s\000o\000\040\0000\0005\000\040\040\023\000\040\000s\000c\000r\000i\000p\000t\000s\000/\0000\0005\000\137\000a\000p\000p\000l\000y\000\137\000o\000c\000e\000a\000n\000\137\000m\000a\000s\000k\000.\000p\000y}{section.6}% 24
\BOOKMARK [2][-]{subsection.6.9}{\376\377\000P\000a\000s\000o\000\040\0000\0006\000\040\040\023\000\040\000s\000c\000r\000i\000p\000t\000s\000/\0000\0006\000\137\000q\000c\000\137\000c\000h\000e\000c\000k\000s\000.\000p\000y}{section.6}% 25
\BOOKMARK [2][-]{subsection.6.10}{\376\377\000P\000a\000s\000o\000\040\0000\0007\000\040\040\023\000\040\000s\000c\000r\000i\000p\000t\000s\000/\0000\0007\000\137\000b\000u\000i\000l\000d\000\137\000i\000n\000v\000e\000n\000t\000o\000r\000y\000\137\000r\000e\000p\000o\000r\000t\000.\000p\000y}{section.6}% 26
\BOOKMARK [2][-]{subsection.6.11}{\376\377\000R\000e\000p\000o\000r\000t\000e\000\040\000d\000e\000\040\000e\000s\000t\000a\000d\000o\000\040\040\023\000\040\000s\000c\000r\000i\000p\000t\000s\000/\000g\000e\000n\000e\000r\000a\000t\000e\000\137\000s\000t\000a\000t\000u\000s\000\137\000r\000e\000p\000o\000r\000t\000.\000p\000y}{section.6}% 27
\BOOKMARK [1][-]{section.7}{\376\377\000R\000e\000s\000u\000l\000t\000a\000d\000o\000s\000\040\000d\000e\000l\000\040\000E\000n\000t\000r\000e\000g\000a\000b\000l\000e\000\040\0001}{}% 28
\BOOKMARK [1][-]{section.8}{\376\377\000P\000r\000o\000x\000i\000m\000o\000s\000\040\000p\000a\000s\000o\000s}{}% 29
\BOOKMARK [1][-]{section.9}{\376\377\000C\000o\000n\000c\000l\000u\000s\000i\000o\000n\000e\000s}{}% 30
\BOOKMARK [1][-]{section.10}{\376\377\000R\000e\000c\000o\000m\000e\000n\000d\000a\000c\000i\000o\000n\000e\000s}{}% 31
\BOOKMARK [1][-]{section.11}{\376\377\000A\000n\000e\000x\000o\000s}{}% 32
